
> react-kavia@0.1.0 start
> react-scripts start

(node:36765) [DEP_WEBPACK_DEV_SERVER_ON_AFTER_SETUP_MIDDLEWARE] DeprecationWarning: 'onAfterSetupMiddleware' option is deprecated. Please use the 'setupMiddlewares' option.
(Use `node --trace-deprecation ...` to show where the warning was created)
(node:36765) [DEP_WEBPACK_DEV_SERVER_ON_BEFORE_SETUP_MIDDLEWARE] DeprecationWarning: 'onBeforeSetupMiddleware' option is deprecated. Please use the 'setupMiddlewares' option.
Starting the development server...

Compiled successfully!

You can now view react-kavia in the browser.

  Local:            http://localhost:3000
  On Your Network:  http://172.17.0.2:3000

Note that the development build is not optimized.
To create a production build, use npm run build.

webpack compiled successfully
Compiling...
Compiled with warnings.

[eslint] 
src/GameBlurredPoster.js
  Line 3:73:  'getKollywoodOriginalMovies' is defined but never used  no-unused-vars

Search for the keywords to learn more about each warning.
To ignore, add // eslint-disable-next-line to the line before.

WARNING in [eslint] 
src/GameBlurredPoster.js
  Line 3:73:  'getKollywoodOriginalMovies' is defined but never used  no-unused-vars

webpack compiled with 1 warning
Compiling...
Failed to compile.

Attempted import error: 'getKollywoodOriginalMovies' is not exported from './tmdbApi' (imported as 'getKollywoodOriginalMovies').
WARNING in [eslint] 
src/GameBlurredPoster.js
  Line 3:28:  'isKollywoodOriginalMovie' is defined but never used  no-unused-vars

ERROR in ./src/GameBlurredPoster.js 37:27-53
export 'getKollywoodOriginalMovies' (imported as 'getKollywoodOriginalMovies') was not found in './tmdbApi' (possible exports: TMDB_CONFIG, fetchFromTMDB, getMovieDetails, getMoviesByGenre, getMoviesByYearAndRegion, getPersonDetails, getPersonMovieCredits, getPopularMovies, getRomanizedTitle, isKollywoodOriginalMovie, searchMovies)

webpack compiled with 1 error and 1 warning
Compiling...
Compiled with warnings.

[eslint] 
src/GameBlurredPoster.js
  Line 3:28:  'isKollywoodOriginalMovie' is defined but never used  no-unused-vars

Search for the keywords to learn more about each warning.
To ignore, add // eslint-disable-next-line to the line before.

WARNING in [eslint] 
src/GameBlurredPoster.js
  Line 3:28:  'isKollywoodOriginalMovie' is defined but never used  no-unused-vars

webpack compiled with 1 warning
